../../Middlewares/ST/touchgfx/framework/include/touchgfx/hal/HAL.hpp:124:18:virtual void touchgfx::HAL::setDisplayOrientation(touchgfx::DisplayOrientation)	0	static
../../Middlewares/ST/touchgfx/framework/include/touchgfx/hal/HAL.hpp:670:18:virtual bool touchgfx::HAL::sampleKey(uint8_t&)	0	static
../../Middlewares/ST/touchgfx/framework/include/touchgfx/hal/HAL.hpp:737:18:virtual void touchgfx::HAL::setAnimationStorage(void*)	0	static
../../Middlewares/ST/touchgfx/framework/include/touchgfx/hal/HAL.hpp:876:30:virtual touchgfx::FlashDataReader* touchgfx::HAL::getFlashDataReader() const	0	static
../../Middlewares/ST/touchgfx/framework/include/touchgfx/hal/HAL.hpp:1025:18:virtual void touchgfx::HAL::taskDelay(uint16_t)	0	static
../../Middlewares/ST/touchgfx/framework/include/touchgfx/hal/HAL.hpp:1063:21:virtual touchgfx::DMAType touchgfx::HAL::getDMAType()	0	static
../../Middlewares/ST/touchgfx/framework/include/touchgfx/hal/HAL.hpp:1189:18:virtual void touchgfx::HAL::InvalidateCache()	0	static
../../Middlewares/ST/touchgfx/framework/include/touchgfx/hal/HAL.hpp:1199:18:virtual void touchgfx::HAL::FlushCache()	0	static
C:/TouchGFXProjects/Stm32_Dino/source/TouchGFX/target/generated/TouchGFXGeneratedHAL.cpp:46:6:virtual void TouchGFXGeneratedHAL::configureInterrupts()	0	static
C:/TouchGFXProjects/Stm32_Dino/source/TouchGFX/target/generated/TouchGFXGeneratedHAL.cpp:61:6:virtual void TouchGFXGeneratedHAL::enableLCDControllerInterrupt()	0	static
C:/TouchGFXProjects/Stm32_Dino/source/TouchGFX/target/generated/TouchGFXGeneratedHAL.cpp:82:11:virtual uint16_t* TouchGFXGeneratedHAL::getTFTFrameBuffer() const	0	static
C:/TouchGFXProjects/Stm32_Dino/source/TouchGFX/target/generated/TouchGFXGeneratedHAL.cpp:87:6:virtual void TouchGFXGeneratedHAL::setTFTFrameBuffer(uint16_t*)	0	static
C:/TouchGFXProjects/Stm32_Dino/source/TouchGFX/target/generated/TouchGFXGeneratedHAL.cpp:105:10:virtual uint16_t TouchGFXGeneratedHAL::getTFTCurrentLine()	0	static
../../TouchGFX/target/generated/TouchGFXGeneratedHAL.hpp:30:7:TouchGFXGeneratedHAL::~TouchGFXGeneratedHAL()	0	static
C:/TouchGFXProjects/Stm32_Dino/source/TouchGFX/target/generated/TouchGFXGeneratedHAL.cpp:72:6:virtual bool TouchGFXGeneratedHAL::beginFrame()	0	static
C:/TouchGFXProjects/Stm32_Dino/source/TouchGFX/target/generated/TouchGFXGeneratedHAL.cpp:77:6:virtual void TouchGFXGeneratedHAL::endFrame()	0	static
C:/TouchGFXProjects/Stm32_Dino/source/TouchGFX/target/generated/TouchGFXGeneratedHAL.cpp:95:6:virtual void TouchGFXGeneratedHAL::flushFrameBuffer(const touchgfx::Rect&)	0	static
C:/TouchGFXProjects/Stm32_Dino/source/TouchGFX/target/generated/TouchGFXGeneratedHAL.cpp:100:6:virtual bool TouchGFXGeneratedHAL::blockCopy(void*, const void*, uint32_t)	0	static
../../Middlewares/ST/touchgfx/framework/include/touchgfx/hal/HAL.hpp:638:18:virtual void touchgfx::HAL::backPorchExited()	8	static
../../TouchGFX/target/generated/TouchGFXGeneratedHAL.hpp:106:18:virtual void TouchGFXGeneratedHAL::flushFrameBuffer()	0	static
../../TouchGFX/target/generated/TouchGFXGeneratedHAL.hpp:30:7:virtual TouchGFXGeneratedHAL::~TouchGFXGeneratedHAL()	8	static
../../Middlewares/ST/touchgfx/framework/include/touchgfx/hal/HAL.hpp:1162:18:virtual void touchgfx::HAL::performDisplayOrientationChange()	8	static
../../Middlewares/ST/touchgfx/framework/include/touchgfx/hal/HAL.hpp:720:18:virtual void touchgfx::HAL::setFrameBufferStartAddresses(void*, void*, void*)	16	static
../../Middlewares/ST/touchgfx/framework/include/touchgfx/hal/HAL.hpp:156:18:virtual void touchgfx::HAL::setFrameBufferSize(uint16_t, uint16_t)	8	static
C:/TouchGFXProjects/Stm32_Dino/source/TouchGFX/target/generated/TouchGFXGeneratedHAL.cpp:56:6:virtual void TouchGFXGeneratedHAL::disableInterrupts()	0	static,ignoring_inline_asm
C:/TouchGFXProjects/Stm32_Dino/source/TouchGFX/target/generated/TouchGFXGeneratedHAL.cpp:51:6:virtual void TouchGFXGeneratedHAL::enableInterrupts()	0	static,ignoring_inline_asm
../../Middlewares/ST/touchgfx/framework/include/touchgfx/hal/HAL.hpp:320:28:virtual touchgfx::BlitOperations touchgfx::HAL::getBlitCaps()	0	static
C:/TouchGFXProjects/Stm32_Dino/source/TouchGFX/target/generated/TouchGFXGeneratedHAL.cpp:37:6:virtual void TouchGFXGeneratedHAL::initialize()	16	static
../../Middlewares/ST/touchgfx/framework/include/touchgfx/hal/PaintImpl.hpp:32:6:void touchgfx::paint::setL8Palette(const uint8_t*)	0	static
../../Middlewares/ST/touchgfx/framework/include/touchgfx/hal/PaintImpl.hpp:37:6:void touchgfx::paint::tearDown()	0	static
../../Middlewares/ST/touchgfx/framework/include/touchgfx/hal/PaintRGB565Impl.hpp:85:6:void touchgfx::paint::rgb565::lineFromColor(uint16_t*, unsigned int, uint32_t, uint8_t, uint32_t)	24	static
../../Middlewares/ST/touchgfx/framework/include/touchgfx/hal/PaintRGB565Impl.hpp:105:6:void touchgfx::paint::rgb565::lineFromRGB565(uint16_t*, const uint16_t*, unsigned int, uint8_t)	28	static
../../Middlewares/ST/touchgfx/framework/include/touchgfx/hal/PaintRGB565Impl.hpp:127:6:void touchgfx::paint::rgb565::lineFromARGB8888(uint16_t*, const uint32_t*, unsigned int, uint8_t)	32	static
../../Middlewares/ST/touchgfx/framework/include/touchgfx/hal/PaintRGB565Impl.hpp:149:6:void touchgfx::paint::rgb565::lineFromL8RGB888(uint16_t*, const uint8_t*, unsigned int, uint8_t)	36	static
../../Middlewares/ST/touchgfx/framework/include/touchgfx/hal/PaintRGB565Impl.hpp:185:6:void touchgfx::paint::rgb565::lineFromL8ARGB8888(uint16_t*, const uint8_t*, unsigned int, uint8_t)	36	static
C:/TouchGFXProjects/Stm32_Dino/source/TouchGFX/target/generated/TouchGFXGeneratedHAL.cpp:121:10:void HAL_LTDC_LineEventCallback(LTDC_HandleTypeDef*)	8	static
