C:/TouchGFXProjects/Stm32_Dino/source/Core/Src/main.c:1014:13:SPI5_Write	1
C:/TouchGFXProjects/Stm32_Dino/source/Core/Src/main.c:1126:6:StartDefaultTask	1
C:/TouchGFXProjects/Stm32_Dino/source/Core/Src/main.c:1145:6:start_hardware_polling_task	2
C:/TouchGFXProjects/Stm32_Dino/source/Core/Src/main.c:281:6:SystemClock_Config	1
C:/TouchGFXProjects/Stm32_Dino/source/Core/Src/main.c:176:5:main	1
C:/TouchGFXProjects/Stm32_Dino/source/Core/Src/main.c:858:6:IOE_Init	1
C:/TouchGFXProjects/Stm32_Dino/source/Core/Src/main.c:867:6:IOE_ITConfig	1
C:/TouchGFXProjects/Stm32_Dino/source/Core/Src/main.c:879:6:IOE_Write	1
C:/TouchGFXProjects/Stm32_Dino/source/Core/Src/main.c:890:9:IOE_Read	1
C:/TouchGFXProjects/Stm32_Dino/source/Core/Src/main.c:903:10:IOE_ReadMultiple	1
C:/TouchGFXProjects/Stm32_Dino/source/Core/Src/main.c:912:6:IOE_Delay	1
C:/TouchGFXProjects/Stm32_Dino/source/Core/Src/main.c:1040:6:LCD_IO_Init	1
C:/TouchGFXProjects/Stm32_Dino/source/Core/Src/main.c:1050:6:LCD_IO_WriteData	1
C:/TouchGFXProjects/Stm32_Dino/source/Core/Src/main.c:1066:6:LCD_IO_WriteReg	1
C:/TouchGFXProjects/Stm32_Dino/source/Core/Src/main.c:1085:10:LCD_IO_ReadData	1
C:/TouchGFXProjects/Stm32_Dino/source/Core/Src/main.c:1112:6:LCD_Delay	1
C:/TouchGFXProjects/Stm32_Dino/source/Core/Src/main.c:1183:6:HAL_TIM_PeriodElapsedCallback	2
C:/TouchGFXProjects/Stm32_Dino/source/Core/Src/main.c:1200:6:Error_Handler	1
