C:/TouchGFXProjects/Stm32_Dino/source/Core/Src/main.c:1014:13:SPI5_Write	16	static
C:/TouchGFXProjects/Stm32_Dino/source/Core/Src/main.c:1126:6:StartDefaultTask	8	static
C:/TouchGFXProjects/Stm32_Dino/source/Core/Src/main.c:1145:6:start_hardware_polling_task	24	static
C:/TouchGFXProjects/Stm32_Dino/source/Core/Src/main.c:281:6:SystemClock_Config	96	static
C:/TouchGFXProjects/Stm32_Dino/source/Core/Src/main.c:176:5:main	120	static
C:/TouchGFXProjects/Stm32_Dino/source/Core/Src/main.c:858:6:IOE_Init	0	static
C:/TouchGFXProjects/Stm32_Dino/source/Core/Src/main.c:867:6:IOE_ITConfig	0	static
C:/TouchGFXProjects/Stm32_Dino/source/Core/Src/main.c:879:6:IOE_Write	32	static
C:/TouchGFXProjects/Stm32_Dino/source/Core/Src/main.c:890:9:IOE_Read	32	static
C:/TouchGFXProjects/Stm32_Dino/source/Core/Src/main.c:903:10:IOE_ReadMultiple	24	static
C:/TouchGFXProjects/Stm32_Dino/source/Core/Src/main.c:912:6:IOE_Delay	0	static
C:/TouchGFXProjects/Stm32_Dino/source/Core/Src/main.c:1040:6:LCD_IO_Init	8	static
C:/TouchGFXProjects/Stm32_Dino/source/Core/Src/main.c:1050:6:LCD_IO_WriteData	16	static
C:/TouchGFXProjects/Stm32_Dino/source/Core/Src/main.c:1066:6:LCD_IO_WriteReg	16	static
C:/TouchGFXProjects/Stm32_Dino/source/Core/Src/main.c:1085:10:LCD_IO_ReadData	32	static
C:/TouchGFXProjects/Stm32_Dino/source/Core/Src/main.c:1112:6:LCD_Delay	0	static
C:/TouchGFXProjects/Stm32_Dino/source/Core/Src/main.c:1183:6:HAL_TIM_PeriodElapsedCallback	0	static
C:/TouchGFXProjects/Stm32_Dino/source/Core/Src/main.c:1200:6:Error_Handler	0	static
