C:/TouchGFXProjects/Stm32_Dino/source/Core/Src/stm32f4xx_hal_msp.c:64:6:HAL_MspInit	8	static
C:/TouchGFXProjects/Stm32_Dino/source/Core/Src/stm32f4xx_hal_msp.c:89:6:HAL_ADC_MspInit	48	static
C:/TouchGFXProjects/Stm32_Dino/source/Core/Src/stm32f4xx_hal_msp.c:143:6:HAL_ADC_MspDeInit	0	static
C:/TouchGFXProjects/Stm32_Dino/source/Core/Src/stm32f4xx_hal_msp.c:188:6:HAL_CRC_MspInit	8	static
C:/TouchGFXProjects/Stm32_Dino/source/Core/Src/stm32f4xx_hal_msp.c:210:6:HAL_CRC_MspDeInit	0	static
C:/TouchGFXProjects/Stm32_Dino/source/Core/Src/stm32f4xx_hal_msp.c:232:6:HAL_DMA2D_MspInit	16	static
C:/TouchGFXProjects/Stm32_Dino/source/Core/Src/stm32f4xx_hal_msp.c:257:6:HAL_DMA2D_MspDeInit	0	static
C:/TouchGFXProjects/Stm32_Dino/source/Core/Src/stm32f4xx_hal_msp.c:282:6:HAL_I2C_MspInit	64	static
C:/TouchGFXProjects/Stm32_Dino/source/Core/Src/stm32f4xx_hal_msp.c:330:6:HAL_I2C_MspDeInit	8	static
C:/TouchGFXProjects/Stm32_Dino/source/Core/Src/stm32f4xx_hal_msp.c:361:6:HAL_LTDC_MspInit	120	static
C:/TouchGFXProjects/Stm32_Dino/source/Core/Src/stm32f4xx_hal_msp.c:486:6:HAL_LTDC_MspDeInit	8	static
C:/TouchGFXProjects/Stm32_Dino/source/Core/Src/stm32f4xx_hal_msp.c:548:6:HAL_SPI_MspInit	40	static
C:/TouchGFXProjects/Stm32_Dino/source/Core/Src/stm32f4xx_hal_msp.c:585:6:HAL_SPI_MspDeInit	0	static
C:/TouchGFXProjects/Stm32_Dino/source/Core/Src/stm32f4xx_hal_msp.c:615:6:HAL_UART_MspInit	40	static
C:/TouchGFXProjects/Stm32_Dino/source/Core/Src/stm32f4xx_hal_msp.c:651:6:HAL_UART_MspDeInit	0	static
C:/TouchGFXProjects/Stm32_Dino/source/Core/Src/stm32f4xx_hal_msp.c:782:6:HAL_SDRAM_MspInit	48	static
C:/TouchGFXProjects/Stm32_Dino/source/Core/Src/stm32f4xx_hal_msp.c:868:6:HAL_SDRAM_MspDeInit	8	static
